[2021-11-16T17:47:14.452+0530][gc,heap] Heap region size: 1M
[2021-11-16T17:47:14.457+0530][gc     ] Using G1
[2021-11-16T17:47:14.457+0530][gc,heap,coops] Heap address: 0x00000000c0000000, size: 1024 MB, Compressed Oops mode: 32-bit
[2021-11-16T17:47:14.457+0530][gc,cds       ] Mark closed archive regions in map: [0x00000000fff00000, 0x00000000fff6aff8]
[2021-11-16T17:47:14.457+0530][gc,cds       ] Mark open archive regions in map: [0x00000000ffe00000, 0x00000000ffe46ff8]
[2021-11-16T17:47:15.048+0530][gc,start     ] GC(0) Pause Young (Normal) (G1 Evacuation Pause)
[2021-11-16T17:47:15.048+0530][gc,task      ] GC(0) Using 8 workers of 8 for evacuation
[2021-11-16T17:47:15.054+0530][gc,phases    ] GC(0)   Pre Evacuate Collection Set: 0.0ms
[2021-11-16T17:47:15.054+0530][gc,phases    ] GC(0)   Evacuate Collection Set: 5.1ms
[2021-11-16T17:47:15.054+0530][gc,phases    ] GC(0)   Post Evacuate Collection Set: 0.4ms
[2021-11-16T17:47:15.054+0530][gc,phases    ] GC(0)   Other: 0.5ms
[2021-11-16T17:47:15.054+0530][gc,heap      ] GC(0) Eden regions: 51->0(44)
[2021-11-16T17:47:15.054+0530][gc,heap      ] GC(0) Survivor regions: 0->7(7)
[2021-11-16T17:47:15.054+0530][gc,heap      ] GC(0) Old regions: 2->2
[2021-11-16T17:47:15.054+0530][gc,heap      ] GC(0) Humongous regions: 0->0
[2021-11-16T17:47:15.054+0530][gc,metaspace ] GC(0) Metaspace: 14849K->14849K(1062912K)
[2021-11-16T17:47:15.054+0530][gc           ] GC(0) Pause Young (Normal) (G1 Evacuation Pause) 51M->7M(1024M) 6.178ms
[2021-11-16T17:47:15.054+0530][gc,cpu       ] GC(0) User=0.04s Sys=0.00s Real=0.00s
[2021-11-16T17:47:15.335+0530][gc,start     ] GC(1) Pause Young (Concurrent Start) (Metadata GC Threshold)
[2021-11-16T17:47:15.335+0530][gc,task      ] GC(1) Using 8 workers of 8 for evacuation
[2021-11-16T17:47:15.341+0530][gc,phases    ] GC(1)   Pre Evacuate Collection Set: 0.1ms
[2021-11-16T17:47:15.341+0530][gc,phases    ] GC(1)   Evacuate Collection Set: 6.0ms
[2021-11-16T17:47:15.341+0530][gc,phases    ] GC(1)   Post Evacuate Collection Set: 0.4ms
[2021-11-16T17:47:15.341+0530][gc,phases    ] GC(1)   Other: 0.2ms
[2021-11-16T17:47:15.341+0530][gc,heap      ] GC(1) Eden regions: 25->0(49)
[2021-11-16T17:47:15.341+0530][gc,heap      ] GC(1) Survivor regions: 7->2(7)
[2021-11-16T17:47:15.341+0530][gc,heap      ] GC(1) Old regions: 2->9
[2021-11-16T17:47:15.341+0530][gc,heap      ] GC(1) Humongous regions: 0->0
[2021-11-16T17:47:15.341+0530][gc,metaspace ] GC(1) Metaspace: 20696K->20696K(1067008K)
[2021-11-16T17:47:15.341+0530][gc           ] GC(1) Pause Young (Concurrent Start) (Metadata GC Threshold) 31M->8M(1024M) 6.627ms
[2021-11-16T17:47:15.341+0530][gc,cpu       ] GC(1) User=0.04s Sys=0.00s Real=0.01s
[2021-11-16T17:47:15.341+0530][gc           ] GC(2) Concurrent Cycle
[2021-11-16T17:47:15.341+0530][gc,marking   ] GC(2) Concurrent Clear Claimed Marks
[2021-11-16T17:47:15.341+0530][gc,marking   ] GC(2) Concurrent Clear Claimed Marks 0.031ms
[2021-11-16T17:47:15.341+0530][gc,marking   ] GC(2) Concurrent Scan Root Regions
[2021-11-16T17:47:15.342+0530][gc,marking   ] GC(2) Concurrent Scan Root Regions 0.742ms
[2021-11-16T17:47:15.342+0530][gc,marking   ] GC(2) Concurrent Mark (0.893s)
[2021-11-16T17:47:15.342+0530][gc,marking   ] GC(2) Concurrent Mark From Roots
[2021-11-16T17:47:15.342+0530][gc,task      ] GC(2) Using 2 workers of 2 for marking
[2021-11-16T17:47:15.348+0530][gc,marking   ] GC(2) Concurrent Mark From Roots 5.507ms
[2021-11-16T17:47:15.348+0530][gc,marking   ] GC(2) Concurrent Preclean
[2021-11-16T17:47:15.348+0530][gc,marking   ] GC(2) Concurrent Preclean 0.088ms
[2021-11-16T17:47:15.348+0530][gc,marking   ] GC(2) Concurrent Mark (0.893s, 0.898s) 5.641ms
[2021-11-16T17:47:15.348+0530][gc,start     ] GC(2) Pause Remark
[2021-11-16T17:47:15.350+0530][gc,stringtable] GC(2) Cleaned string and symbol table, strings: 5235 processed, 0 removed, symbols: 51104 processed, 47 removed
[2021-11-16T17:47:15.350+0530][gc            ] GC(2) Pause Remark 9M->9M(1024M) 1.805ms
[2021-11-16T17:47:15.350+0530][gc,cpu        ] GC(2) User=0.01s Sys=0.00s Real=0.00s
[2021-11-16T17:47:15.350+0530][gc,marking    ] GC(2) Concurrent Rebuild Remembered Sets
[2021-11-16T17:47:15.352+0530][gc,marking    ] GC(2) Concurrent Rebuild Remembered Sets 2.336ms
[2021-11-16T17:47:15.352+0530][gc,start      ] GC(2) Pause Cleanup
[2021-11-16T17:47:15.352+0530][gc            ] GC(2) Pause Cleanup 9M->9M(1024M) 0.170ms
[2021-11-16T17:47:15.352+0530][gc,cpu        ] GC(2) User=0.00s Sys=0.00s Real=0.00s
[2021-11-16T17:47:15.352+0530][gc,marking    ] GC(2) Concurrent Cleanup for Next Mark
[2021-11-16T17:47:15.355+0530][gc,marking    ] GC(2) Concurrent Cleanup for Next Mark 2.685ms
[2021-11-16T17:47:15.355+0530][gc            ] GC(2) Concurrent Cycle 13.782ms
[2021-11-16T17:47:15.748+0530][gc,start      ] GC(3) Pause Young (Normal) (G1 Evacuation Pause)
[2021-11-16T17:47:15.748+0530][gc,task       ] GC(3) Using 8 workers of 8 for evacuation
[2021-11-16T17:47:15.751+0530][gc,phases     ] GC(3)   Pre Evacuate Collection Set: 0.0ms
[2021-11-16T17:47:15.751+0530][gc,phases     ] GC(3)   Evacuate Collection Set: 2.9ms
[2021-11-16T17:47:15.751+0530][gc,phases     ] GC(3)   Post Evacuate Collection Set: 0.3ms
[2021-11-16T17:47:15.751+0530][gc,phases     ] GC(3)   Other: 0.1ms
[2021-11-16T17:47:15.751+0530][gc,heap       ] GC(3) Eden regions: 49->0(46)
[2021-11-16T17:47:15.751+0530][gc,heap       ] GC(3) Survivor regions: 2->5(7)
[2021-11-16T17:47:15.751+0530][gc,heap       ] GC(3) Old regions: 9->9
[2021-11-16T17:47:15.751+0530][gc,heap       ] GC(3) Humongous regions: 129->129
[2021-11-16T17:47:15.751+0530][gc,metaspace  ] GC(3) Metaspace: 29215K->29215K(1075200K)
[2021-11-16T17:47:15.751+0530][gc            ] GC(3) Pause Young (Normal) (G1 Evacuation Pause) 186M->140M(1024M) 3.394ms
[2021-11-16T17:47:15.751+0530][gc,cpu        ] GC(3) User=0.02s Sys=0.00s Real=0.00s
[2021-11-16T17:47:15.942+0530][gc,start      ] GC(4) Pause Young (Concurrent Start) (Metadata GC Threshold)
[2021-11-16T17:47:15.942+0530][gc,task       ] GC(4) Using 8 workers of 8 for evacuation
[2021-11-16T17:47:15.948+0530][gc,phases     ] GC(4)   Pre Evacuate Collection Set: 0.1ms
[2021-11-16T17:47:15.948+0530][gc,phases     ] GC(4)   Evacuate Collection Set: 5.6ms
[2021-11-16T17:47:15.948+0530][gc,phases     ] GC(4)   Post Evacuate Collection Set: 0.3ms
[2021-11-16T17:47:15.948+0530][gc,phases     ] GC(4)   Other: 0.2ms
[2021-11-16T17:47:15.948+0530][gc,heap       ] GC(4) Eden regions: 26->0(49)
[2021-11-16T17:47:15.948+0530][gc,heap       ] GC(4) Survivor regions: 5->2(7)
[2021-11-16T17:47:15.948+0530][gc,heap       ] GC(4) Old regions: 9->13
[2021-11-16T17:47:15.948+0530][gc,heap       ] GC(4) Humongous regions: 129->129
[2021-11-16T17:47:15.948+0530][gc,metaspace  ] GC(4) Metaspace: 34706K->34706K(1081344K)
[2021-11-16T17:47:15.948+0530][gc            ] GC(4) Pause Young (Concurrent Start) (Metadata GC Threshold) 166M->142M(1024M) 6.274ms
[2021-11-16T17:47:15.948+0530][gc,cpu        ] GC(4) User=0.05s Sys=0.00s Real=0.01s
[2021-11-16T17:47:15.948+0530][gc            ] GC(5) Concurrent Cycle
[2021-11-16T17:47:15.948+0530][gc,marking    ] GC(5) Concurrent Clear Claimed Marks
[2021-11-16T17:47:15.948+0530][gc,marking    ] GC(5) Concurrent Clear Claimed Marks 0.095ms
[2021-11-16T17:47:15.948+0530][gc,marking    ] GC(5) Concurrent Scan Root Regions
[2021-11-16T17:47:15.949+0530][gc,marking    ] GC(5) Concurrent Scan Root Regions 0.799ms
[2021-11-16T17:47:15.949+0530][gc,marking    ] GC(5) Concurrent Mark (1.500s)
[2021-11-16T17:47:15.949+0530][gc,marking    ] GC(5) Concurrent Mark From Roots
[2021-11-16T17:47:15.949+0530][gc,task       ] GC(5) Using 2 workers of 2 for marking
[2021-11-16T17:47:15.962+0530][gc,marking    ] GC(5) Concurrent Mark From Roots 12.908ms
[2021-11-16T17:47:15.962+0530][gc,marking    ] GC(5) Concurrent Preclean
[2021-11-16T17:47:15.962+0530][gc,marking    ] GC(5) Concurrent Preclean 0.066ms
[2021-11-16T17:47:15.962+0530][gc,marking    ] GC(5) Concurrent Mark (1.500s, 1.513s) 13.020ms
[2021-11-16T17:47:15.963+0530][gc,start      ] GC(5) Pause Remark
[2021-11-16T17:47:15.970+0530][gc,stringtable] GC(5) Cleaned string and symbol table, strings: 10931 processed, 10 removed, symbols: 84023 processed, 16 removed
[2021-11-16T17:47:15.970+0530][gc            ] GC(5) Pause Remark 144M->144M(1024M) 7.132ms
[2021-11-16T17:47:15.970+0530][gc,cpu        ] GC(5) User=0.04s Sys=0.01s Real=0.00s
[2021-11-16T17:47:15.970+0530][gc,marking    ] GC(5) Concurrent Rebuild Remembered Sets
[2021-11-16T17:47:15.975+0530][gc,marking    ] GC(5) Concurrent Rebuild Remembered Sets 4.923ms
[2021-11-16T17:47:15.975+0530][gc,start      ] GC(5) Pause Cleanup
[2021-11-16T17:47:15.975+0530][gc            ] GC(5) Pause Cleanup 145M->145M(1024M) 0.168ms
[2021-11-16T17:47:15.975+0530][gc,cpu        ] GC(5) User=0.00s Sys=0.00s Real=0.00s
[2021-11-16T17:47:15.975+0530][gc,marking    ] GC(5) Concurrent Cleanup for Next Mark
[2021-11-16T17:47:15.980+0530][gc,marking    ] GC(5) Concurrent Cleanup for Next Mark 4.407ms
[2021-11-16T17:47:15.980+0530][gc            ] GC(5) Concurrent Cycle 31.634ms
