[2021-11-16T21:03:48.600+0530][gc,heap] Heap region size: 1M
[2021-11-16T21:03:48.613+0530][gc     ] Using G1
[2021-11-16T21:03:48.613+0530][gc,heap,coops] Heap address: 0x00000000c0000000, size: 1024 MB, Compressed Oops mode: 32-bit
[2021-11-16T21:03:48.613+0530][gc,cds       ] Mark closed archive regions in map: [0x00000000fff00000, 0x00000000fff6aff8]
[2021-11-16T21:03:48.613+0530][gc,cds       ] Mark open archive regions in map: [0x00000000ffe00000, 0x00000000ffe46ff8]
[2021-11-16T21:03:49.177+0530][gc,start     ] GC(0) Pause Young (Normal) (G1 Evacuation Pause)
[2021-11-16T21:03:49.178+0530][gc,task      ] GC(0) Using 8 workers of 8 for evacuation
[2021-11-16T21:03:49.185+0530][gc,phases    ] GC(0)   Pre Evacuate Collection Set: 0.0ms
[2021-11-16T21:03:49.185+0530][gc,phases    ] GC(0)   Evacuate Collection Set: 6.6ms
[2021-11-16T21:03:49.185+0530][gc,phases    ] GC(0)   Post Evacuate Collection Set: 0.4ms
[2021-11-16T21:03:49.185+0530][gc,phases    ] GC(0)   Other: 0.5ms
[2021-11-16T21:03:49.185+0530][gc,heap      ] GC(0) Eden regions: 51->0(44)
[2021-11-16T21:03:49.185+0530][gc,heap      ] GC(0) Survivor regions: 0->7(7)
[2021-11-16T21:03:49.185+0530][gc,heap      ] GC(0) Old regions: 2->2
[2021-11-16T21:03:49.185+0530][gc,heap      ] GC(0) Humongous regions: 0->0
[2021-11-16T21:03:49.185+0530][gc,metaspace ] GC(0) Metaspace: 14842K->14842K(1062912K)
[2021-11-16T21:03:49.185+0530][gc           ] GC(0) Pause Young (Normal) (G1 Evacuation Pause) 51M->7M(1024M) 7.524ms
[2021-11-16T21:03:49.185+0530][gc,cpu       ] GC(0) User=0.03s Sys=0.01s Real=0.00s
[2021-11-16T21:03:49.460+0530][gc,start     ] GC(1) Pause Young (Concurrent Start) (Metadata GC Threshold)
[2021-11-16T21:03:49.460+0530][gc,task      ] GC(1) Using 8 workers of 8 for evacuation
[2021-11-16T21:03:49.466+0530][gc,phases    ] GC(1)   Pre Evacuate Collection Set: 0.1ms
[2021-11-16T21:03:49.466+0530][gc,phases    ] GC(1)   Evacuate Collection Set: 5.6ms
[2021-11-16T21:03:49.466+0530][gc,phases    ] GC(1)   Post Evacuate Collection Set: 0.4ms
[2021-11-16T21:03:49.466+0530][gc,phases    ] GC(1)   Other: 0.2ms
[2021-11-16T21:03:49.466+0530][gc,heap      ] GC(1) Eden regions: 24->0(49)
[2021-11-16T21:03:49.466+0530][gc,heap      ] GC(1) Survivor regions: 7->2(7)
[2021-11-16T21:03:49.466+0530][gc,heap      ] GC(1) Old regions: 2->9
[2021-11-16T21:03:49.466+0530][gc,heap      ] GC(1) Humongous regions: 0->0
[2021-11-16T21:03:49.466+0530][gc,metaspace ] GC(1) Metaspace: 20615K->20615K(1067008K)
[2021-11-16T21:03:49.466+0530][gc           ] GC(1) Pause Young (Concurrent Start) (Metadata GC Threshold) 31M->8M(1024M) 6.269ms
[2021-11-16T21:03:49.466+0530][gc,cpu       ] GC(1) User=0.03s Sys=0.00s Real=0.00s
[2021-11-16T21:03:49.466+0530][gc           ] GC(2) Concurrent Cycle
[2021-11-16T21:03:49.466+0530][gc,marking   ] GC(2) Concurrent Clear Claimed Marks
[2021-11-16T21:03:49.466+0530][gc,marking   ] GC(2) Concurrent Clear Claimed Marks 0.026ms
[2021-11-16T21:03:49.466+0530][gc,marking   ] GC(2) Concurrent Scan Root Regions
[2021-11-16T21:03:49.467+0530][gc,marking   ] GC(2) Concurrent Scan Root Regions 0.893ms
[2021-11-16T21:03:49.467+0530][gc,marking   ] GC(2) Concurrent Mark (0.886s)
[2021-11-16T21:03:49.467+0530][gc,marking   ] GC(2) Concurrent Mark From Roots
[2021-11-16T21:03:49.467+0530][gc,task      ] GC(2) Using 2 workers of 2 for marking
[2021-11-16T21:03:49.471+0530][gc,marking   ] GC(2) Concurrent Mark From Roots 3.546ms
[2021-11-16T21:03:49.471+0530][gc,marking   ] GC(2) Concurrent Preclean
[2021-11-16T21:03:49.471+0530][gc,marking   ] GC(2) Concurrent Preclean 0.217ms
[2021-11-16T21:03:49.471+0530][gc,marking   ] GC(2) Concurrent Mark (0.886s, 0.890s) 3.813ms
[2021-11-16T21:03:49.471+0530][gc,start     ] GC(2) Pause Remark
[2021-11-16T21:03:49.473+0530][gc,stringtable] GC(2) Cleaned string and symbol table, strings: 5184 processed, 0 removed, symbols: 50938 processed, 46 removed
[2021-11-16T21:03:49.473+0530][gc            ] GC(2) Pause Remark 9M->9M(1024M) 1.734ms
[2021-11-16T21:03:49.473+0530][gc,cpu        ] GC(2) User=0.01s Sys=0.00s Real=0.00s
[2021-11-16T21:03:49.473+0530][gc,marking    ] GC(2) Concurrent Rebuild Remembered Sets
[2021-11-16T21:03:49.476+0530][gc,marking    ] GC(2) Concurrent Rebuild Remembered Sets 2.613ms
[2021-11-16T21:03:49.476+0530][gc,start      ] GC(2) Pause Cleanup
[2021-11-16T21:03:49.476+0530][gc            ] GC(2) Pause Cleanup 10M->10M(1024M) 0.151ms
[2021-11-16T21:03:49.476+0530][gc,cpu        ] GC(2) User=0.00s Sys=0.00s Real=0.00s
[2021-11-16T21:03:49.476+0530][gc,marking    ] GC(2) Concurrent Cleanup for Next Mark
[2021-11-16T21:03:49.478+0530][gc,marking    ] GC(2) Concurrent Cleanup for Next Mark 2.300ms
[2021-11-16T21:03:49.478+0530][gc            ] GC(2) Concurrent Cycle 11.880ms
[2021-11-16T21:03:49.868+0530][gc,start      ] GC(3) Pause Young (Normal) (G1 Evacuation Pause)
[2021-11-16T21:03:49.868+0530][gc,task       ] GC(3) Using 8 workers of 8 for evacuation
[2021-11-16T21:03:49.871+0530][gc,phases     ] GC(3)   Pre Evacuate Collection Set: 0.0ms
[2021-11-16T21:03:49.871+0530][gc,phases     ] GC(3)   Evacuate Collection Set: 2.5ms
[2021-11-16T21:03:49.871+0530][gc,phases     ] GC(3)   Post Evacuate Collection Set: 0.3ms
[2021-11-16T21:03:49.871+0530][gc,phases     ] GC(3)   Other: 0.1ms
[2021-11-16T21:03:49.871+0530][gc,heap       ] GC(3) Eden regions: 49->0(46)
[2021-11-16T21:03:49.871+0530][gc,heap       ] GC(3) Survivor regions: 2->5(7)
[2021-11-16T21:03:49.871+0530][gc,heap       ] GC(3) Old regions: 9->9
[2021-11-16T21:03:49.871+0530][gc,heap       ] GC(3) Humongous regions: 129->129
[2021-11-16T21:03:49.871+0530][gc,metaspace  ] GC(3) Metaspace: 29050K->29050K(1075200K)
[2021-11-16T21:03:49.871+0530][gc            ] GC(3) Pause Young (Normal) (G1 Evacuation Pause) 186M->140M(1024M) 2.977ms
[2021-11-16T21:03:49.871+0530][gc,cpu        ] GC(3) User=0.01s Sys=0.01s Real=0.00s
[2021-11-16T21:03:50.057+0530][gc,start      ] GC(4) Pause Young (Concurrent Start) (Metadata GC Threshold)
[2021-11-16T21:03:50.057+0530][gc,task       ] GC(4) Using 8 workers of 8 for evacuation
[2021-11-16T21:03:50.063+0530][gc,phases     ] GC(4)   Pre Evacuate Collection Set: 0.1ms
[2021-11-16T21:03:50.063+0530][gc,phases     ] GC(4)   Evacuate Collection Set: 5.2ms
[2021-11-16T21:03:50.063+0530][gc,phases     ] GC(4)   Post Evacuate Collection Set: 0.3ms
[2021-11-16T21:03:50.063+0530][gc,phases     ] GC(4)   Other: 0.2ms
[2021-11-16T21:03:50.063+0530][gc,heap       ] GC(4) Eden regions: 26->0(49)
[2021-11-16T21:03:50.063+0530][gc,heap       ] GC(4) Survivor regions: 5->2(7)
[2021-11-16T21:03:50.063+0530][gc,heap       ] GC(4) Old regions: 9->13
[2021-11-16T21:03:50.063+0530][gc,heap       ] GC(4) Humongous regions: 129->129
[2021-11-16T21:03:50.063+0530][gc,metaspace  ] GC(4) Metaspace: 34658K->34658K(1081344K)
[2021-11-16T21:03:50.063+0530][gc            ] GC(4) Pause Young (Concurrent Start) (Metadata GC Threshold) 166M->142M(1024M) 5.907ms
[2021-11-16T21:03:50.063+0530][gc,cpu        ] GC(4) User=0.03s Sys=0.00s Real=0.00s
[2021-11-16T21:03:50.063+0530][gc            ] GC(5) Concurrent Cycle
[2021-11-16T21:03:50.063+0530][gc,marking    ] GC(5) Concurrent Clear Claimed Marks
[2021-11-16T21:03:50.063+0530][gc,marking    ] GC(5) Concurrent Clear Claimed Marks 0.029ms
[2021-11-16T21:03:50.063+0530][gc,marking    ] GC(5) Concurrent Scan Root Regions
[2021-11-16T21:03:50.064+0530][gc,marking    ] GC(5) Concurrent Scan Root Regions 0.743ms
[2021-11-16T21:03:50.064+0530][gc,marking    ] GC(5) Concurrent Mark (1.483s)
[2021-11-16T21:03:50.064+0530][gc,marking    ] GC(5) Concurrent Mark From Roots
[2021-11-16T21:03:50.064+0530][gc,task       ] GC(5) Using 2 workers of 2 for marking
[2021-11-16T21:03:50.072+0530][gc,marking    ] GC(5) Concurrent Mark From Roots 8.404ms
[2021-11-16T21:03:50.072+0530][gc,marking    ] GC(5) Concurrent Preclean
[2021-11-16T21:03:50.073+0530][gc,marking    ] GC(5) Concurrent Preclean 0.087ms
[2021-11-16T21:03:50.073+0530][gc,marking    ] GC(5) Concurrent Mark (1.483s, 1.492s) 8.542ms
[2021-11-16T21:03:50.073+0530][gc,start      ] GC(5) Pause Remark
[2021-11-16T21:03:50.078+0530][gc,stringtable] GC(5) Cleaned string and symbol table, strings: 10872 processed, 10 removed, symbols: 83632 processed, 15 removed
[2021-11-16T21:03:50.078+0530][gc            ] GC(5) Pause Remark 143M->143M(1024M) 5.252ms
[2021-11-16T21:03:50.078+0530][gc,cpu        ] GC(5) User=0.04s Sys=0.00s Real=0.01s
[2021-11-16T21:03:50.078+0530][gc,marking    ] GC(5) Concurrent Rebuild Remembered Sets
[2021-11-16T21:03:50.082+0530][gc,marking    ] GC(5) Concurrent Rebuild Remembered Sets 4.532ms
[2021-11-16T21:03:50.083+0530][gc,start      ] GC(5) Pause Cleanup
[2021-11-16T21:03:50.083+0530][gc            ] GC(5) Pause Cleanup 144M->144M(1024M) 0.134ms
[2021-11-16T21:03:50.083+0530][gc,cpu        ] GC(5) User=0.00s Sys=0.00s Real=0.00s
[2021-11-16T21:03:50.083+0530][gc,marking    ] GC(5) Concurrent Cleanup for Next Mark
[2021-11-16T21:03:50.086+0530][gc,marking    ] GC(5) Concurrent Cleanup for Next Mark 2.918ms
[2021-11-16T21:03:50.086+0530][gc            ] GC(5) Concurrent Cycle 22.549ms
[2021-11-16T21:06:43.525+0530][gc,heap,exit  ] Heap
[2021-11-16T21:06:43.525+0530][gc,heap,exit  ]  garbage-first heap   total 1048576K, used 164335K [0x00000000c0000000, 0x0000000100000000)
[2021-11-16T21:06:43.525+0530][gc,heap,exit  ]   region size 1024K, 22 young (22528K), 2 survivors (2048K)
[2021-11-16T21:06:43.525+0530][gc,heap,exit  ]  Metaspace       used 37113K, capacity 38726K, committed 39036K, reserved 1083392K
[2021-11-16T21:06:43.525+0530][gc,heap,exit  ]   class space    used 4588K, capacity 5384K, committed 5500K, reserved 1048576K
