[2021-11-16T21:08:29.332+0530][gc,heap] Heap region size: 1M
[2021-11-16T21:08:29.345+0530][gc     ] Using G1
[2021-11-16T21:08:29.345+0530][gc,heap,coops] Heap address: 0x00000000c0000000, size: 1024 MB, Compressed Oops mode: 32-bit
[2021-11-16T21:08:29.345+0530][gc,cds       ] Mark closed archive regions in map: [0x00000000fff00000, 0x00000000fff6aff8]
[2021-11-16T21:08:29.345+0530][gc,cds       ] Mark open archive regions in map: [0x00000000ffe00000, 0x00000000ffe46ff8]
[2021-11-16T21:08:29.870+0530][gc,start     ] GC(0) Pause Young (Normal) (G1 Evacuation Pause)
[2021-11-16T21:08:29.870+0530][gc,task      ] GC(0) Using 8 workers of 8 for evacuation
[2021-11-16T21:08:29.877+0530][gc,phases    ] GC(0)   Pre Evacuate Collection Set: 0.0ms
[2021-11-16T21:08:29.877+0530][gc,phases    ] GC(0)   Evacuate Collection Set: 5.9ms
[2021-11-16T21:08:29.877+0530][gc,phases    ] GC(0)   Post Evacuate Collection Set: 0.4ms
[2021-11-16T21:08:29.877+0530][gc,phases    ] GC(0)   Other: 0.7ms
[2021-11-16T21:08:29.877+0530][gc,heap      ] GC(0) Eden regions: 51->0(44)
[2021-11-16T21:08:29.877+0530][gc,heap      ] GC(0) Survivor regions: 0->7(7)
[2021-11-16T21:08:29.877+0530][gc,heap      ] GC(0) Old regions: 2->2
[2021-11-16T21:08:29.877+0530][gc,heap      ] GC(0) Humongous regions: 0->0
[2021-11-16T21:08:29.877+0530][gc,metaspace ] GC(0) Metaspace: 14856K->14856K(1062912K)
[2021-11-16T21:08:29.877+0530][gc           ] GC(0) Pause Young (Normal) (G1 Evacuation Pause) 51M->7M(1024M) 7.148ms
[2021-11-16T21:08:29.877+0530][gc,cpu       ] GC(0) User=0.04s Sys=0.00s Real=0.01s
[2021-11-16T21:08:30.144+0530][gc,start     ] GC(1) Pause Young (Concurrent Start) (Metadata GC Threshold)
[2021-11-16T21:08:30.144+0530][gc,task      ] GC(1) Using 8 workers of 8 for evacuation
[2021-11-16T21:08:30.150+0530][gc,phases    ] GC(1)   Pre Evacuate Collection Set: 0.1ms
[2021-11-16T21:08:30.150+0530][gc,phases    ] GC(1)   Evacuate Collection Set: 5.9ms
[2021-11-16T21:08:30.150+0530][gc,phases    ] GC(1)   Post Evacuate Collection Set: 0.4ms
[2021-11-16T21:08:30.150+0530][gc,phases    ] GC(1)   Other: 0.2ms
[2021-11-16T21:08:30.150+0530][gc,heap      ] GC(1) Eden regions: 24->0(49)
[2021-11-16T21:08:30.150+0530][gc,heap      ] GC(1) Survivor regions: 7->2(7)
[2021-11-16T21:08:30.150+0530][gc,heap      ] GC(1) Old regions: 2->9
[2021-11-16T21:08:30.150+0530][gc,heap      ] GC(1) Humongous regions: 0->0
[2021-11-16T21:08:30.150+0530][gc,metaspace ] GC(1) Metaspace: 20609K->20609K(1067008K)
[2021-11-16T21:08:30.150+0530][gc           ] GC(1) Pause Young (Concurrent Start) (Metadata GC Threshold) 31M->8M(1024M) 6.618ms
[2021-11-16T21:08:30.150+0530][gc,cpu       ] GC(1) User=0.03s Sys=0.00s Real=0.01s
[2021-11-16T21:08:30.151+0530][gc           ] GC(2) Concurrent Cycle
[2021-11-16T21:08:30.151+0530][gc,marking   ] GC(2) Concurrent Clear Claimed Marks
[2021-11-16T21:08:30.151+0530][gc,marking   ] GC(2) Concurrent Clear Claimed Marks 0.021ms
[2021-11-16T21:08:30.151+0530][gc,marking   ] GC(2) Concurrent Scan Root Regions
[2021-11-16T21:08:30.152+0530][gc,marking   ] GC(2) Concurrent Scan Root Regions 1.176ms
[2021-11-16T21:08:30.152+0530][gc,marking   ] GC(2) Concurrent Mark (0.840s)
[2021-11-16T21:08:30.152+0530][gc,marking   ] GC(2) Concurrent Mark From Roots
[2021-11-16T21:08:30.152+0530][gc,task      ] GC(2) Using 2 workers of 2 for marking
[2021-11-16T21:08:30.156+0530][gc,marking   ] GC(2) Concurrent Mark From Roots 4.569ms
[2021-11-16T21:08:30.156+0530][gc,marking   ] GC(2) Concurrent Preclean
[2021-11-16T21:08:30.156+0530][gc,marking   ] GC(2) Concurrent Preclean 0.081ms
[2021-11-16T21:08:30.156+0530][gc,marking   ] GC(2) Concurrent Mark (0.840s, 0.844s) 4.696ms
[2021-11-16T21:08:30.157+0530][gc,start     ] GC(2) Pause Remark
[2021-11-16T21:08:30.158+0530][gc,stringtable] GC(2) Cleaned string and symbol table, strings: 5120 processed, 0 removed, symbols: 50369 processed, 41 removed
[2021-11-16T21:08:30.158+0530][gc            ] GC(2) Pause Remark 8M->8M(1024M) 1.851ms
[2021-11-16T21:08:30.158+0530][gc,cpu        ] GC(2) User=0.01s Sys=0.00s Real=0.00s
[2021-11-16T21:08:30.158+0530][gc,marking    ] GC(2) Concurrent Rebuild Remembered Sets
[2021-11-16T21:08:30.161+0530][gc,marking    ] GC(2) Concurrent Rebuild Remembered Sets 2.393ms
[2021-11-16T21:08:30.161+0530][gc,start      ] GC(2) Pause Cleanup
[2021-11-16T21:08:30.161+0530][gc            ] GC(2) Pause Cleanup 9M->9M(1024M) 0.179ms
[2021-11-16T21:08:30.161+0530][gc,cpu        ] GC(2) User=0.00s Sys=0.00s Real=0.00s
[2021-11-16T21:08:30.161+0530][gc,marking    ] GC(2) Concurrent Cleanup for Next Mark
[2021-11-16T21:08:30.164+0530][gc,marking    ] GC(2) Concurrent Cleanup for Next Mark 2.769ms
[2021-11-16T21:08:30.164+0530][gc            ] GC(2) Concurrent Cycle 13.439ms
[2021-11-16T21:08:30.590+0530][gc,start      ] GC(3) Pause Young (Normal) (G1 Evacuation Pause)
[2021-11-16T21:08:30.590+0530][gc,task       ] GC(3) Using 8 workers of 8 for evacuation
[2021-11-16T21:08:30.593+0530][gc,phases     ] GC(3)   Pre Evacuate Collection Set: 0.0ms
[2021-11-16T21:08:30.593+0530][gc,phases     ] GC(3)   Evacuate Collection Set: 2.7ms
[2021-11-16T21:08:30.593+0530][gc,phases     ] GC(3)   Post Evacuate Collection Set: 0.3ms
[2021-11-16T21:08:30.593+0530][gc,phases     ] GC(3)   Other: 0.1ms
[2021-11-16T21:08:30.593+0530][gc,heap       ] GC(3) Eden regions: 49->0(46)
[2021-11-16T21:08:30.593+0530][gc,heap       ] GC(3) Survivor regions: 2->5(7)
[2021-11-16T21:08:30.593+0530][gc,heap       ] GC(3) Old regions: 9->9
[2021-11-16T21:08:30.593+0530][gc,heap       ] GC(3) Humongous regions: 129->129
[2021-11-16T21:08:30.593+0530][gc,metaspace  ] GC(3) Metaspace: 29053K->29053K(1075200K)
[2021-11-16T21:08:30.593+0530][gc            ] GC(3) Pause Young (Normal) (G1 Evacuation Pause) 186M->140M(1024M) 3.226ms
[2021-11-16T21:08:30.593+0530][gc,cpu        ] GC(3) User=0.02s Sys=0.00s Real=0.00s
[2021-11-16T21:08:30.819+0530][gc,start      ] GC(4) Pause Young (Concurrent Start) (Metadata GC Threshold)
[2021-11-16T21:08:30.819+0530][gc,task       ] GC(4) Using 8 workers of 8 for evacuation
[2021-11-16T21:08:30.828+0530][gc,phases     ] GC(4)   Pre Evacuate Collection Set: 0.1ms
[2021-11-16T21:08:30.828+0530][gc,phases     ] GC(4)   Evacuate Collection Set: 8.8ms
[2021-11-16T21:08:30.828+0530][gc,phases     ] GC(4)   Post Evacuate Collection Set: 0.3ms
[2021-11-16T21:08:30.828+0530][gc,phases     ] GC(4)   Other: 0.2ms
[2021-11-16T21:08:30.828+0530][gc,heap       ] GC(4) Eden regions: 26->0(49)
[2021-11-16T21:08:30.828+0530][gc,heap       ] GC(4) Survivor regions: 5->2(7)
[2021-11-16T21:08:30.828+0530][gc,heap       ] GC(4) Old regions: 9->13
[2021-11-16T21:08:30.828+0530][gc,heap       ] GC(4) Humongous regions: 129->129
[2021-11-16T21:08:30.828+0530][gc,metaspace  ] GC(4) Metaspace: 34572K->34572K(1081344K)
[2021-11-16T21:08:30.828+0530][gc            ] GC(4) Pause Young (Concurrent Start) (Metadata GC Threshold) 166M->142M(1024M) 9.440ms
[2021-11-16T21:08:30.829+0530][gc,cpu        ] GC(4) User=0.03s Sys=0.00s Real=0.01s
[2021-11-16T21:08:30.829+0530][gc            ] GC(5) Concurrent Cycle
[2021-11-16T21:08:30.829+0530][gc,marking    ] GC(5) Concurrent Clear Claimed Marks
[2021-11-16T21:08:30.829+0530][gc,marking    ] GC(5) Concurrent Clear Claimed Marks 0.028ms
[2021-11-16T21:08:30.829+0530][gc,marking    ] GC(5) Concurrent Scan Root Regions
[2021-11-16T21:08:30.829+0530][gc,marking    ] GC(5) Concurrent Scan Root Regions 0.675ms
[2021-11-16T21:08:30.829+0530][gc,marking    ] GC(5) Concurrent Mark (1.517s)
[2021-11-16T21:08:30.829+0530][gc,marking    ] GC(5) Concurrent Mark From Roots
[2021-11-16T21:08:30.829+0530][gc,task       ] GC(5) Using 2 workers of 2 for marking
[2021-11-16T21:08:30.850+0530][gc,marking    ] GC(5) Concurrent Mark From Roots 20.333ms
[2021-11-16T21:08:30.850+0530][gc,marking    ] GC(5) Concurrent Preclean
[2021-11-16T21:08:30.850+0530][gc,marking    ] GC(5) Concurrent Preclean 0.086ms
[2021-11-16T21:08:30.850+0530][gc,marking    ] GC(5) Concurrent Mark (1.517s, 1.538s) 20.477ms
[2021-11-16T21:08:30.850+0530][gc,start      ] GC(5) Pause Remark
[2021-11-16T21:08:30.857+0530][gc,stringtable] GC(5) Cleaned string and symbol table, strings: 10949 processed, 9 removed, symbols: 84147 processed, 18 removed
[2021-11-16T21:08:30.857+0530][gc            ] GC(5) Pause Remark 145M->145M(1024M) 7.066ms
[2021-11-16T21:08:30.857+0530][gc,cpu        ] GC(5) User=0.05s Sys=0.00s Real=0.01s
[2021-11-16T21:08:30.857+0530][gc,marking    ] GC(5) Concurrent Rebuild Remembered Sets
[2021-11-16T21:08:30.862+0530][gc,marking    ] GC(5) Concurrent Rebuild Remembered Sets 5.305ms
[2021-11-16T21:08:30.863+0530][gc,start      ] GC(5) Pause Cleanup
[2021-11-16T21:08:30.863+0530][gc            ] GC(5) Pause Cleanup 145M->145M(1024M) 0.280ms
[2021-11-16T21:08:30.863+0530][gc,cpu        ] GC(5) User=0.00s Sys=0.00s Real=0.00s
[2021-11-16T21:08:30.863+0530][gc,marking    ] GC(5) Concurrent Cleanup for Next Mark
[2021-11-16T21:08:30.870+0530][gc,marking    ] GC(5) Concurrent Cleanup for Next Mark 6.949ms
[2021-11-16T21:08:30.870+0530][gc            ] GC(5) Concurrent Cycle 41.843ms
[2021-11-16T21:19:01.263+0530][gc,heap,exit  ] Heap
[2021-11-16T21:19:01.263+0530][gc,heap,exit  ]  garbage-first heap   total 1048576K, used 166931K [0x00000000c0000000, 0x0000000100000000)
[2021-11-16T21:19:01.263+0530][gc,heap,exit  ]   region size 1024K, 25 young (25600K), 2 survivors (2048K)
[2021-11-16T21:19:01.263+0530][gc,heap,exit  ]  Metaspace       used 37138K, capacity 38801K, committed 38940K, reserved 1083392K
[2021-11-16T21:19:01.263+0530][gc,heap,exit  ]   class space    used 4578K, capacity 5363K, committed 5404K, reserved 1048576K
