[2021-11-16T17:46:56.176+0530][gc,heap] Heap region size: 1M
[2021-11-16T17:46:56.183+0530][gc     ] Using G1
[2021-11-16T17:46:56.183+0530][gc,heap,coops] Heap address: 0x00000000e0000000, size: 512 MB, Compressed Oops mode: 32-bit
[2021-11-16T17:46:56.184+0530][gc,cds       ] Mark closed archive regions in map: [0x00000000fff00000, 0x00000000fff6aff8]
[2021-11-16T17:46:56.184+0530][gc,cds       ] Mark open archive regions in map: [0x00000000ffe00000, 0x00000000ffe46ff8]
[2021-11-16T17:46:56.528+0530][gc,start     ] GC(0) Pause Young (Normal) (G1 Evacuation Pause)
[2021-11-16T17:46:56.528+0530][gc,task      ] GC(0) Using 8 workers of 8 for evacuation
[2021-11-16T17:46:56.533+0530][gc,phases    ] GC(0)   Pre Evacuate Collection Set: 0.0ms
[2021-11-16T17:46:56.533+0530][gc,phases    ] GC(0)   Evacuate Collection Set: 4.6ms
[2021-11-16T17:46:56.533+0530][gc,phases    ] GC(0)   Post Evacuate Collection Set: 0.3ms
[2021-11-16T17:46:56.533+0530][gc,phases    ] GC(0)   Other: 0.5ms
[2021-11-16T17:46:56.533+0530][gc,heap      ] GC(0) Eden regions: 25->0(21)
[2021-11-16T17:46:56.533+0530][gc,heap      ] GC(0) Survivor regions: 0->4(4)
[2021-11-16T17:46:56.533+0530][gc,heap      ] GC(0) Old regions: 2->5
[2021-11-16T17:46:56.534+0530][gc,heap      ] GC(0) Humongous regions: 0->0
[2021-11-16T17:46:56.534+0530][gc,metaspace ] GC(0) Metaspace: 7775K->7775K(1056768K)
[2021-11-16T17:46:56.534+0530][gc           ] GC(0) Pause Young (Normal) (G1 Evacuation Pause) 25M->7M(512M) 5.518ms
[2021-11-16T17:46:56.534+0530][gc,cpu       ] GC(0) User=0.04s Sys=0.00s Real=0.00s
[2021-11-16T18:08:25.289+0530][gc,heap,exit ] Heap
[2021-11-16T18:08:25.289+0530][gc,heap,exit ]  garbage-first heap   total 524288K, used 16913K [0x00000000e0000000, 0x0000000100000000)
[2021-11-16T18:08:25.289+0530][gc,heap,exit ]   region size 1024K, 14 young (14336K), 4 survivors (4096K)
[2021-11-16T18:08:25.289+0530][gc,heap,exit ]  Metaspace       used 9017K, capacity 9388K, committed 9728K, reserved 1058816K
[2021-11-16T18:08:25.289+0530][gc,heap,exit ]   class space    used 1001K, capacity 1157K, committed 1280K, reserved 1048576K
