[2021-11-16T21:07:32.532+0530][gc,heap] Heap region size: 1M
[2021-11-16T21:07:32.540+0530][gc     ] Using G1
[2021-11-16T21:07:32.540+0530][gc,heap,coops] Heap address: 0x00000000e0000000, size: 512 MB, Compressed Oops mode: 32-bit
[2021-11-16T21:07:32.540+0530][gc,cds       ] Mark closed archive regions in map: [0x00000000fff00000, 0x00000000fff6aff8]
[2021-11-16T21:07:32.540+0530][gc,cds       ] Mark open archive regions in map: [0x00000000ffe00000, 0x00000000ffe46ff8]
[2021-11-16T21:07:32.850+0530][gc,start     ] GC(0) Pause Young (Normal) (G1 Evacuation Pause)
[2021-11-16T21:07:32.850+0530][gc,task      ] GC(0) Using 8 workers of 8 for evacuation
[2021-11-16T21:07:32.860+0530][gc,phases    ] GC(0)   Pre Evacuate Collection Set: 0.0ms
[2021-11-16T21:07:32.860+0530][gc,phases    ] GC(0)   Evacuate Collection Set: 8.9ms
[2021-11-16T21:07:32.860+0530][gc,phases    ] GC(0)   Post Evacuate Collection Set: 0.3ms
[2021-11-16T21:07:32.860+0530][gc,phases    ] GC(0)   Other: 0.5ms
[2021-11-16T21:07:32.860+0530][gc,heap      ] GC(0) Eden regions: 25->0(21)
[2021-11-16T21:07:32.860+0530][gc,heap      ] GC(0) Survivor regions: 0->4(4)
[2021-11-16T21:07:32.860+0530][gc,heap      ] GC(0) Old regions: 2->5
[2021-11-16T21:07:32.860+0530][gc,heap      ] GC(0) Humongous regions: 0->0
[2021-11-16T21:07:32.860+0530][gc,metaspace ] GC(0) Metaspace: 7687K->7687K(1056768K)
[2021-11-16T21:07:32.860+0530][gc           ] GC(0) Pause Young (Normal) (G1 Evacuation Pause) 25M->7M(512M) 9.857ms
[2021-11-16T21:07:32.860+0530][gc,cpu       ] GC(0) User=0.06s Sys=0.01s Real=0.01s
[2021-11-16T21:18:53.834+0530][gc,heap,exit ] Heap
[2021-11-16T21:18:53.834+0530][gc,heap,exit ]  garbage-first heap   total 524288K, used 17000K [0x00000000e0000000, 0x0000000100000000)
[2021-11-16T21:18:53.834+0530][gc,heap,exit ]   region size 1024K, 14 young (14336K), 4 survivors (4096K)
[2021-11-16T21:18:53.834+0530][gc,heap,exit ]  Metaspace       used 8962K, capacity 9323K, committed 9728K, reserved 1058816K
[2021-11-16T21:18:53.834+0530][gc,heap,exit ]   class space    used 1003K, capacity 1157K, committed 1280K, reserved 1048576K
